// Jest Snapshot v1, https://goo.gl/fbAQLP

exports[`should correctly render Calculator page 1`] = `
<div
  className="calculate__wrapper"
>
  <h2
    className="centre"
  >
    Lets do some Math
  </h2>
  <div
    className="calculator__box"
  >
    <div
      className="app"
    >
      <div
        className="display"
        data-testid="show-panel"
      >
        0
      </div>
      <div
        className="buttonpanel"
        data-testid="button-panel"
      >
        <div>
          <input
            data-testid="button"
            onClick={[Function]}
            style={
              Object {
                "backgroundColor": "e0e0e0",
                "width": "25%",
              }
            }
            type="button"
            value="AC"
          />
          <input
            data-testid="button"
            onClick={[Function]}
            style={
              Object {
                "backgroundColor": "e0e0e0",
                "width": "25%",
              }
            }
            type="button"
            value="+/-"
          />
          <input
            data-testid="button"
            onClick={[Function]}
            style={
              Object {
                "backgroundColor": "e0e0e0",
                "width": "25%",
              }
            }
            type="button"
            value="%"
          />
          <input
            data-testid="button"
            onClick={[Function]}
            style={
              Object {
                "backgroundColor": "#f5913e",
                "width": "25%",
              }
            }
            type="button"
            value="÷"
          />
        </div>
        <div>
          <input
            data-testid="button"
            onClick={[Function]}
            style={
              Object {
                "backgroundColor": "e0e0e0",
                "width": "25%",
              }
            }
            type="button"
            value="7"
          />
          <input
            data-testid="button"
            onClick={[Function]}
            style={
              Object {
                "backgroundColor": "e0e0e0",
                "width": "25%",
              }
            }
            type="button"
            value="8"
          />
          <input
            data-testid="button"
            onClick={[Function]}
            style={
              Object {
                "backgroundColor": "e0e0e0",
                "width": "25%",
              }
            }
            type="button"
            value="9"
          />
          <input
            data-testid="button"
            onClick={[Function]}
            style={
              Object {
                "backgroundColor": "#f5913e",
                "width": "25%",
              }
            }
            type="button"
            value="X"
          />
        </div>
        <div>
          <input
            data-testid="button"
            onClick={[Function]}
            style={
              Object {
                "backgroundColor": "e0e0e0",
                "width": "25%",
              }
            }
            type="button"
            value="4"
          />
          <input
            data-testid="button"
            onClick={[Function]}
            style={
              Object {
                "backgroundColor": "e0e0e0",
                "width": "25%",
              }
            }
            type="button"
            value="5"
          />
          <input
            data-testid="button"
            onClick={[Function]}
            style={
              Object {
                "backgroundColor": "e0e0e0",
                "width": "25%",
              }
            }
            type="button"
            value="6"
          />
          <input
            data-testid="button"
            onClick={[Function]}
            style={
              Object {
                "backgroundColor": "#f5913e",
                "width": "25%",
              }
            }
            type="button"
            value="-"
          />
        </div>
        <div>
          <input
            data-testid="button"
            onClick={[Function]}
            style={
              Object {
                "backgroundColor": "e0e0e0",
                "width": "25%",
              }
            }
            type="button"
            value="1"
          />
          <input
            data-testid="button"
            onClick={[Function]}
            style={
              Object {
                "backgroundColor": "e0e0e0",
                "width": "25%",
              }
            }
            type="button"
            value="2"
          />
          <input
            data-testid="button"
            onClick={[Function]}
            style={
              Object {
                "backgroundColor": "e0e0e0",
                "width": "25%",
              }
            }
            type="button"
            value="3"
          />
          <input
            data-testid="button"
            onClick={[Function]}
            style={
              Object {
                "backgroundColor": "#f5913e",
                "width": "25%",
              }
            }
            type="button"
            value="+"
          />
        </div>
        <div>
          <input
            data-testid="button"
            onClick={[Function]}
            style={
              Object {
                "backgroundColor": "e0e0e0",
                "width": "50%",
              }
            }
            type="button"
            value="0"
          />
          <input
            data-testid="button"
            onClick={[Function]}
            style={
              Object {
                "backgroundColor": "e0e0e0",
                "width": "25%",
              }
            }
            type="button"
            value="."
          />
          <input
            data-testid="button"
            onClick={[Function]}
            style={
              Object {
                "backgroundColor": "#f5913e",
                "width": "25%",
              }
            }
            type="button"
            value="="
          />
        </div>
      </div>
    </div>
  </div>
</div>
`;
